src/components/DailyTipsCard.vue(16,10): error TS1484: 'PropType' is a type and must be imported using a type-only import when 'verbatimModuleSyntax' is enabled.
src/stores/record.ts(48,46): error TS6133: 'type' is declared but its value is never read.
src/views/baby/Edit.vue(63,30): error TS2307: Cannot find module '@/stores/baby' or its corresponding type declarations.
src/views/baby/Edit.vue(64,16): error TS6133: 'UserFilled' is declared but its value is never read.
src/views/baby/Edit.vue(65,21): error TS1484: 'FormInstance' is a type and must be imported using a type-only import when 'verbatimModuleSyntax' is enabled.
src/views/baby/Edit.vue(65,35): error TS1484: 'FormRules' is a type and must be imported using a type-only import when 'verbatimModuleSyntax' is enabled.
src/views/baby/Edit.vue(99,42): error TS7006: Parameter 'b' implicitly has an 'any' type.
src/views/baby/List.vue(58,30): error TS2307: Cannot find module '@/stores/baby' or its corresponding type declarations.
src/views/baby/List.vue(59,30): error TS2307: Cannot find module '@/utils/date' or its corresponding type declarations.
src/views/baby/List.vue(60,56): error TS6133: 'UserFilled' is declared but its value is never read.
src/views/Home.vue(95,27): error TS2307: Cannot find module '@/components/DailyTipsCard.vue' or its corresponding type declarations.
src/views/Home.vue(96,36): error TS2307: Cannot find module '@/utils/date' or its corresponding type declarations.
src/views/record/Diaper.vue(60,10): error TS6133: 'ref' is declared but its value is never read.
src/views/record/Diaper.vue(63,32): error TS2307: Cannot find module '@/stores/record' or its corresponding type declarations.
src/views/record/Diaper.vue(64,30): error TS2307: Cannot find module '@/stores/baby' or its corresponding type declarations.
src/views/record/Feeding.vue(126,32): error TS2307: Cannot find module '@/stores/record' or its corresponding type declarations.
src/views/record/Feeding.vue(127,30): error TS2307: Cannot find module '@/stores/baby' or its corresponding type declarations.
src/views/record/Sleep.vue(74,32): error TS2307: Cannot find module '@/stores/record' or its corresponding type declarations.
src/views/record/Sleep.vue(75,30): error TS2307: Cannot find module '@/stores/baby' or its corresponding type declarations.
